sample.interval=20000
"gc" "system.time" "eval" "eval" "withVisible" "source" 
"outer" "compdens_conv.normalmix" "compdens_conv" "t" "EMest" "ash" "system.time" "eval" "eval" "withVisible" "source" 
"sqrt" "compdens_conv.normalmix" "compdens_conv" "t" "EMest" "ash" "system.time" "eval" "eval" "withVisible" "source" 
"outer" "dnorm" "t" "compdens_conv.normalmix" "compdens_conv" "t" "EMest" "ash" "system.time" "eval" "eval" "withVisible" "source" 
".External" "dnorm" "t" "compdens_conv.normalmix" "compdens_conv" "t" "EMest" "ash" "system.time" "eval" "eval" "withVisible" "source" 
"t.default" "t" "EMest" "ash" "system.time" "eval" "eval" "withVisible" "source" 
